// Jest Snapshot v1, https://goo.gl/fbAQLP

exports[`Message Rendering match snapshot 1`] = `[Function]`;
